[WebServer] (node:22888) Warning: The 'NO_COLOR' env is ignored due to the 'FORCE_COLOR' env being set.
[WebServer] (Use `node --trace-warnings ...` to show where the warning was created)
[WebServer] (node:9372) Warning: The 'NO_COLOR' env is ignored due to the 'FORCE_COLOR' env being set.
[WebServer] (Use `node --trace-warnings ...` to show where the warning was created)
[WebServer] (node:10104) Warning: The 'NO_COLOR' env is ignored due to the 'FORCE_COLOR' env being set.
[WebServer] (Use `node --trace-warnings ...` to show where the warning was created)

Running 24 tests using 1 worker

(node:31868) Warning: The 'NO_COLOR' env is ignored due to the 'FORCE_COLOR' env being set.
(Use `node --trace-warnings ...` to show where the warning was created)
(node:31868) Warning: The 'NO_COLOR' env is ignored due to the 'FORCE_COLOR' env being set.
(Use `node --trace-warnings ...` to show where the warning was created)
  ok 1 [chromium-desktop] › test\e2e\account.spec.ts:4:5 › 账号页显示当前用户名、验证当前密码并能在桌面和窄屏完成改密 (1.7s)
  ok 2 [chromium-desktop] › test\e2e\api-console.spec.ts:4:5 › API Console 将业务 401 留在响应面板而不跳转登录 (1.7s)
  ok 3 [chromium-desktop] › test\e2e\consulting-report.spec.ts:531:5 › 销售 CSV 到固定 Revision 导出的核心链路 (6.3s)
  x  4 [chromium-desktop] › test\e2e\login.spec.ts:4:5 › 登录页不持久化密码，并在认证成功后返回原路径 (6.1s)
(node:42552) Warning: The 'NO_COLOR' env is ignored due to the 'FORCE_COLOR' env being set.
(Use `node --trace-warnings ...` to show where the warning was created)
(node:42552) Warning: The 'NO_COLOR' env is ignored due to the 'FORCE_COLOR' env being set.
(Use `node --trace-warnings ...` to show where the warning was created)
  ok 5 [chromium-desktop] › test\e2e\memory-management.spec.ts:10:5 › 个人偏好与 Project Memory 分域管理并支持版本、冲突、历史和响应式布局 (6.8s)
  ok 6 [chromium-desktop] › test\e2e\plugins.spec.ts:21:5 › 插件安装、项目启停、Manifest 校验和显式主题选择 (2.8s)
(node:17916) Warning: The 'NO_COLOR' env is ignored due to the 'FORCE_COLOR' env being set.
(Use `node --trace-warnings ...` to show where the warning was created)
(node:17916) Warning: The 'NO_COLOR' env is ignored due to the 'FORCE_COLOR' env being set.
(Use `node --trace-warnings ...` to show where the warning was created)
  ok 7 [chromium-tablet] › test\e2e\account.spec.ts:4:5 › 账号页显示当前用户名、验证当前密码并能在桌面和窄屏完成改密 (1.8s)
  ok 8 [chromium-tablet] › test\e2e\api-console.spec.ts:4:5 › API Console 将业务 401 留在响应面板而不跳转登录 (1.2s)
  ok 9 [chromium-tablet] › test\e2e\consulting-report.spec.ts:531:5 › 销售 CSV 到固定 Revision 导出的核心链路 (7.2s)
  x  10 [chromium-tablet] › test\e2e\login.spec.ts:4:5 › 登录页不持久化密码，并在认证成功后返回原路径 (6.0s)
(node:32248) Warning: The 'NO_COLOR' env is ignored due to the 'FORCE_COLOR' env being set.
(Use `node --trace-warnings ...` to show where the warning was created)
(node:32248) Warning: The 'NO_COLOR' env is ignored due to the 'FORCE_COLOR' env being set.
(Use `node --trace-warnings ...` to show where the warning was created)
  ok 11 [chromium-tablet] › test\e2e\memory-management.spec.ts:10:5 › 个人偏好与 Project Memory 分域管理并支持版本、冲突、历史和响应式布局 (5.5s)
  ok 12 [chromium-tablet] › test\e2e\plugins.spec.ts:21:5 › 插件安装、项目启停、Manifest 校验和显式主题选择 (2.7s)
(node:45520) Warning: The 'NO_COLOR' env is ignored due to the 'FORCE_COLOR' env being set.
(Use `node --trace-warnings ...` to show where the warning was created)
(node:45520) Warning: The 'NO_COLOR' env is ignored due to the 'FORCE_COLOR' env being set.
(Use `node --trace-warnings ...` to show where the warning was created)
  ok 13 [chromium-compact] › test\e2e\account.spec.ts:4:5 › 账号页显示当前用户名、验证当前密码并能在桌面和窄屏完成改密 (2.7s)
  ok 14 [chromium-compact] › test\e2e\api-console.spec.ts:4:5 › API Console 将业务 401 留在响应面板而不跳转登录 (1.6s)
  ok 15 [chromium-compact] › test\e2e\consulting-report.spec.ts:531:5 › 销售 CSV 到固定 Revision 导出的核心链路 (5.5s)
  x  16 [chromium-compact] › test\e2e\login.spec.ts:4:5 › 登录页不持久化密码，并在认证成功后返回原路径 (5.8s)
(node:29060) Warning: The 'NO_COLOR' env is ignored due to the 'FORCE_COLOR' env being set.
(Use `node --trace-warnings ...` to show where the warning was created)
(node:29060) Warning: The 'NO_COLOR' env is ignored due to the 'FORCE_COLOR' env being set.
(Use `node --trace-warnings ...` to show where the warning was created)
  ok 17 [chromium-compact] › test\e2e\memory-management.spec.ts:10:5 › 个人偏好与 Project Memory 分域管理并支持版本、冲突、历史和响应式布局 (5.2s)
  ok 18 [chromium-compact] › test\e2e\plugins.spec.ts:21:5 › 插件安装、项目启停、Manifest 校验和显式主题选择 (1.8s)
(node:35956) Warning: The 'NO_COLOR' env is ignored due to the 'FORCE_COLOR' env being set.
(Use `node --trace-warnings ...` to show where the warning was created)
(node:35956) Warning: The 'NO_COLOR' env is ignored due to the 'FORCE_COLOR' env being set.
(Use `node --trace-warnings ...` to show where the warning was created)
  ok 19 [chromium-mobile] › test\e2e\account.spec.ts:4:5 › 账号页显示当前用户名、验证当前密码并能在桌面和窄屏完成改密 (1.9s)
  ok 20 [chromium-mobile] › test\e2e\api-console.spec.ts:4:5 › API Console 将业务 401 留在响应面板而不跳转登录 (1.3s)
  ok 21 [chromium-mobile] › test\e2e\consulting-report.spec.ts:531:5 › 销售 CSV 到固定 Revision 导出的核心链路 (5.6s)
  x  22 [chromium-mobile] › test\e2e\login.spec.ts:4:5 › 登录页不持久化密码，并在认证成功后返回原路径 (5.7s)
(node:41560) Warning: The 'NO_COLOR' env is ignored due to the 'FORCE_COLOR' env being set.
(Use `node --trace-warnings ...` to show where the warning was created)
(node:41560) Warning: The 'NO_COLOR' env is ignored due to the 'FORCE_COLOR' env being set.
(Use `node --trace-warnings ...` to show where the warning was created)
  ok 23 [chromium-mobile] › test\e2e\memory-management.spec.ts:10:5 › 个人偏好与 Project Memory 分域管理并支持版本、冲突、历史和响应式布局 (4.9s)
  ok 24 [chromium-mobile] › test\e2e\plugins.spec.ts:21:5 › 插件安装、项目启停、Manifest 校验和显式主题选择 (1.9s)


  1) [chromium-desktop] › test\e2e\login.spec.ts:4:5 › 登录页不持久化密码，并在认证成功后返回原路径 ──────────────────────

    Error: [31mTimed out 5000ms waiting for [39m[2mexpect([22m[31mlocator[39m[2m).[22mtoBeEnabled[2m()[22m

    Locator: getByRole('button', { name: '登录' })
    Expected: enabled
    Received: disabled
    Call log:
    [2m  - expect.toBeEnabled with timeout 5000ms[22m
    [2m  - waiting for getByRole('button', { name: '登录' })[22m
    [2m    9 × locator resolved to <button disabled tabindex="-1" type="submit" class="MuiButtonBase-root Mui-disabled MuiButton-root MuiButton-contained MuiButton-sizeMedium MuiButton-colorPrimary MuiButton-disableElevation MuiButton-fullWidth mui-1x2usxh-MuiButtonBase-root-MuiButton-root">…</button>[22m
    [2m      - unexpected value "disabled"[22m


      35 |
      36 |   await page.goto("/login?returnTo=%2Flogin-success");
    > 37 |   await expect(page.getByRole("button", { name: "登录" })).toBeEnabled();
         |                                                          ^
      38 |   await captureUiEvidence(page, "login");
      39 |   await expect(page.getByText("LangReport", { exact: true })).toBeVisible();
      40 |   await page.getByLabel("账号").fill("operator");
        at D:\front\newProject\LangReport-MUI-2026-09-29\apps\web\test\e2e\login.spec.ts:37:58

    attachment #1: screenshot (image/png) ──────────────────────────────────────────────────────────
    test-results\login-登录页不持久化密码，并在认证成功后返回原路径-chromium-desktop\test-failed-1.png
    ────────────────────────────────────────────────────────────────────────────────────────────────

    attachment #3: trace (application/zip) ─────────────────────────────────────────────────────────
    test-results\login-登录页不持久化密码，并在认证成功后返回原路径-chromium-desktop\trace.zip
    Usage:

        pnpm exec playwright show-trace test-results\login-登录页不持久化密码，并在认证成功后返回原路径-chromium-desktop\trace.zip

    ────────────────────────────────────────────────────────────────────────────────────────────────

  2) [chromium-tablet] › test\e2e\login.spec.ts:4:5 › 登录页不持久化密码，并在认证成功后返回原路径 ───────────────────────

    Error: [31mTimed out 5000ms waiting for [39m[2mexpect([22m[31mlocator[39m[2m).[22mtoBeEnabled[2m()[22m

    Locator: getByRole('button', { name: '登录' })
    Expected: enabled
    Received: disabled
    Call log:
    [2m  - expect.toBeEnabled with timeout 5000ms[22m
    [2m  - waiting for getByRole('button', { name: '登录' })[22m
    [2m    9 × locator resolved to <button disabled tabindex="-1" type="submit" class="MuiButtonBase-root Mui-disabled MuiButton-root MuiButton-contained MuiButton-sizeMedium MuiButton-colorPrimary MuiButton-disableElevation MuiButton-fullWidth mui-1x2usxh-MuiButtonBase-root-MuiButton-root">…</button>[22m
    [2m      - unexpected value "disabled"[22m


      35 |
      36 |   await page.goto("/login?returnTo=%2Flogin-success");
    > 37 |   await expect(page.getByRole("button", { name: "登录" })).toBeEnabled();
         |                                                          ^
      38 |   await captureUiEvidence(page, "login");
      39 |   await expect(page.getByText("LangReport", { exact: true })).toBeVisible();
      40 |   await page.getByLabel("账号").fill("operator");
        at D:\front\newProject\LangReport-MUI-2026-09-29\apps\web\test\e2e\login.spec.ts:37:58

    attachment #1: screenshot (image/png) ──────────────────────────────────────────────────────────
    test-results\login-登录页不持久化密码，并在认证成功后返回原路径-chromium-tablet\test-failed-1.png
    ────────────────────────────────────────────────────────────────────────────────────────────────

    attachment #3: trace (application/zip) ─────────────────────────────────────────────────────────
    test-results\login-登录页不持久化密码，并在认证成功后返回原路径-chromium-tablet\trace.zip
    Usage:

        pnpm exec playwright show-trace test-results\login-登录页不持久化密码，并在认证成功后返回原路径-chromium-tablet\trace.zip

    ────────────────────────────────────────────────────────────────────────────────────────────────

  3) [chromium-compact] › test\e2e\login.spec.ts:4:5 › 登录页不持久化密码，并在认证成功后返回原路径 ──────────────────────

    Error: [31mTimed out 5000ms waiting for [39m[2mexpect([22m[31mlocator[39m[2m).[22mtoBeEnabled[2m()[22m

    Locator: getByRole('button', { name: '登录' })
    Expected: enabled
    Received: disabled
    Call log:
    [2m  - expect.toBeEnabled with timeout 5000ms[22m
    [2m  - waiting for getByRole('button', { name: '登录' })[22m
    [2m    9 × locator resolved to <button disabled tabindex="-1" type="submit" class="MuiButtonBase-root Mui-disabled MuiButton-root MuiButton-contained MuiButton-sizeMedium MuiButton-colorPrimary MuiButton-disableElevation MuiButton-fullWidth mui-1x2usxh-MuiButtonBase-root-MuiButton-root">…</button>[22m
    [2m      - unexpected value "disabled"[22m


      35 |
      36 |   await page.goto("/login?returnTo=%2Flogin-success");
    > 37 |   await expect(page.getByRole("button", { name: "登录" })).toBeEnabled();
         |                                                          ^
      38 |   await captureUiEvidence(page, "login");
      39 |   await expect(page.getByText("LangReport", { exact: true })).toBeVisible();
      40 |   await page.getByLabel("账号").fill("operator");
        at D:\front\newProject\LangReport-MUI-2026-09-29\apps\web\test\e2e\login.spec.ts:37:58

    attachment #1: screenshot (image/png) ──────────────────────────────────────────────────────────
    test-results\login-登录页不持久化密码，并在认证成功后返回原路径-chromium-compact\test-failed-1.png
    ────────────────────────────────────────────────────────────────────────────────────────────────

    attachment #3: trace (application/zip) ─────────────────────────────────────────────────────────
    test-results\login-登录页不持久化密码，并在认证成功后返回原路径-chromium-compact\trace.zip
    Usage:

        pnpm exec playwright show-trace test-results\login-登录页不持久化密码，并在认证成功后返回原路径-chromium-compact\trace.zip

    ────────────────────────────────────────────────────────────────────────────────────────────────

  4) [chromium-mobile] › test\e2e\login.spec.ts:4:5 › 登录页不持久化密码，并在认证成功后返回原路径 ───────────────────────

    Error: [31mTimed out 5000ms waiting for [39m[2mexpect([22m[31mlocator[39m[2m).[22mtoBeEnabled[2m()[22m

    Locator: getByRole('button', { name: '登录' })
    Expected: enabled
    Received: disabled
    Call log:
    [2m  - expect.toBeEnabled with timeout 5000ms[22m
    [2m  - waiting for getByRole('button', { name: '登录' })[22m
    [2m    9 × locator resolved to <button disabled tabindex="-1" type="submit" class="MuiButtonBase-root Mui-disabled MuiButton-root MuiButton-contained MuiButton-sizeMedium MuiButton-colorPrimary MuiButton-disableElevation MuiButton-fullWidth mui-1x2usxh-MuiButtonBase-root-MuiButton-root">…</button>[22m
    [2m      - unexpected value "disabled"[22m


      35 |
      36 |   await page.goto("/login?returnTo=%2Flogin-success");
    > 37 |   await expect(page.getByRole("button", { name: "登录" })).toBeEnabled();
         |                                                          ^
      38 |   await captureUiEvidence(page, "login");
      39 |   await expect(page.getByText("LangReport", { exact: true })).toBeVisible();
      40 |   await page.getByLabel("账号").fill("operator");
        at D:\front\newProject\LangReport-MUI-2026-09-29\apps\web\test\e2e\login.spec.ts:37:58

    attachment #1: screenshot (image/png) ──────────────────────────────────────────────────────────
    test-results\login-登录页不持久化密码，并在认证成功后返回原路径-chromium-mobile\test-failed-1.png
    ────────────────────────────────────────────────────────────────────────────────────────────────

    attachment #3: trace (application/zip) ─────────────────────────────────────────────────────────
    test-results\login-登录页不持久化密码，并在认证成功后返回原路径-chromium-mobile\trace.zip
    Usage:

        pnpm exec playwright show-trace test-results\login-登录页不持久化密码，并在认证成功后返回原路径-chromium-mobile\trace.zip

    ────────────────────────────────────────────────────────────────────────────────────────────────

  4 failed
    [chromium-desktop] › test\e2e\login.spec.ts:4:5 › 登录页不持久化密码，并在认证成功后返回原路径 ───────────────────────
    [chromium-tablet] › test\e2e\login.spec.ts:4:5 › 登录页不持久化密码，并在认证成功后返回原路径 ────────────────────────
    [chromium-compact] › test\e2e\login.spec.ts:4:5 › 登录页不持久化密码，并在认证成功后返回原路径 ───────────────────────
    [chromium-mobile] › test\e2e\login.spec.ts:4:5 › 登录页不持久化密码，并在认证成功后返回原路径 ────────────────────────
  20 passed (2.1m)
undefined
[ERR_PNPM_RECURSIVE_EXEC_FIRST_FAIL] Command failed with exit code 1: playwright test -c playwright.config.ts --grep "账号页显示|个人偏好与 Project Memory|插件安装|API Console 将业务 401|销售 CSV 到固定 Revision|登录页不持久化密码"
